F:\Sahaj\Projects\gaming\pocket-mc-desktop\PocketMC.Desktop\Core\Interfaces\IServerLifecycleService.cs(23,9): error CS0246: The type or namespace name 'ServerProcess' could not be found (are you missing a using directive or an assembly reference?) [F:\Sahaj\Projects\gaming\pocket-mc-desktop\PocketMC.Desktop\PocketMC.Desktop_j1v5iltu_wpftmp.csproj]
F:\Sahaj\Projects\gaming\pocket-mc-desktop\PocketMC.Desktop\Features\Console\ServerConsolePage.xaml.cs(49,26): error CS0246: The type or namespace name 'ServerProcess' could not be found (are you missing a using directive or an assembly reference?) [F:\Sahaj\Projects\gaming\pocket-mc-desktop\PocketMC.Desktop\PocketMC.Desktop_j1v5iltu_wpftmp.csproj]
F:\Sahaj\Projects\gaming\pocket-mc-desktop\PocketMC.Desktop\Features\Console\ServerConsolePage.xaml.cs(96,13): error CS0246: The type or namespace name 'ServerProcess' could not be found (are you missing a using directive or an assembly reference?) [F:\Sahaj\Projects\gaming\pocket-mc-desktop\PocketMC.Desktop\PocketMC.Desktop_j1v5iltu_wpftmp.csproj]
F:\Sahaj\Projects\gaming\pocket-mc-desktop\PocketMC.Desktop\Features\InstanceCreation\NewInstancePage.xaml.cs(29,26): error CS0246: The type or namespace name 'InstanceManager' could not be found (are you missing a using directive or an assembly reference?) [F:\Sahaj\Projects\gaming\pocket-mc-desktop\PocketMC.Desktop\PocketMC.Desktop_j1v5iltu_wpftmp.csproj]
F:\Sahaj\Projects\gaming\pocket-mc-desktop\PocketMC.Desktop\Features\InstanceCreation\NewInstancePage.xaml.cs(30,26): error CS0246: The type or namespace name 'InstanceRegistry' could not be found (are you missing a using directive or an assembly reference?) [F:\Sahaj\Projects\gaming\pocket-mc-desktop\PocketMC.Desktop\PocketMC.Desktop_j1v5iltu_wpftmp.csproj]
F:\Sahaj\Projects\gaming\pocket-mc-desktop\PocketMC.Desktop\Features\InstanceCreation\NewInstancePage.xaml.cs(43,13): error CS0246: The type or namespace name 'InstanceManager' could not be found (are you missing a using directive or an assembly reference?) [F:\Sahaj\Projects\gaming\pocket-mc-desktop\PocketMC.Desktop\PocketMC.Desktop_j1v5iltu_wpftmp.csproj]
F:\Sahaj\Projects\gaming\pocket-mc-desktop\PocketMC.Desktop\Features\InstanceCreation\NewInstancePage.xaml.cs(44,13): error CS0246: The type or namespace name 'InstanceRegistry' could not be found (are you missing a using directive or an assembly reference?) [F:\Sahaj\Projects\gaming\pocket-mc-desktop\PocketMC.Desktop\PocketMC.Desktop_j1v5iltu_wpftmp.csproj]
F:\Sahaj\Projects\gaming\pocket-mc-desktop\PocketMC.Desktop\Features\Instances\Backups\BackupSchedulerService.cs(22,22): error CS0246: The type or namespace name 'InstanceRegistry' could not be found (are you missing a using directive or an assembly reference?) [F:\Sahaj\Projects\gaming\pocket-mc-desktop\PocketMC.Desktop\PocketMC.Desktop_j1v5iltu_wpftmp.csproj]
F:\Sahaj\Projects\gaming\pocket-mc-desktop\PocketMC.Desktop\Features\Instances\Backups\BackupSchedulerService.cs(29,9): error CS0246: The type or namespace name 'InstanceRegistry' could not be found (are you missing a using directive or an assembly reference?) [F:\Sahaj\Projects\gaming\pocket-mc-desktop\PocketMC.Desktop\PocketMC.Desktop_j1v5iltu_wpftmp.csproj]
F:\Sahaj\Projects\gaming\pocket-mc-desktop\PocketMC.Desktop\Features\Dashboard\DashboardActionsVM.cs(33,26): error CS0246: The type or namespace name 'InstanceManager' could not be found (are you missing a using directive or an assembly reference?) [F:\Sahaj\Projects\gaming\pocket-mc-desktop\PocketMC.Desktop\PocketMC.Desktop_j1v5iltu_wpftmp.csproj]
F:\Sahaj\Projects\gaming\pocket-mc-desktop\PocketMC.Desktop\Features\Dashboard\DashboardActionsVM.cs(34,26): error CS0246: The type or namespace name 'InstanceRegistry' could not be found (are you missing a using directive or an assembly reference?) [F:\Sahaj\Projects\gaming\pocket-mc-desktop\PocketMC.Desktop\PocketMC.Desktop_j1v5iltu_wpftmp.csproj]
F:\Sahaj\Projects\gaming\pocket-mc-desktop\PocketMC.Desktop\Features\Instances\Backups\BackupService.cs(32,22): error CS0246: The type or namespace name 'ServerProcessManager' could not be found (are you missing a using directive or an assembly reference?) [F:\Sahaj\Projects\gaming\pocket-mc-desktop\PocketMC.Desktop\PocketMC.Desktop_j1v5iltu_wpftmp.csproj]
F:\Sahaj\Projects\gaming\pocket-mc-desktop\PocketMC.Desktop\Features\Dashboard\DashboardActionsVM.cs(36,26): error CS0246: The type or namespace name 'ServerProcessManager' could not be found (are you missing a using directive or an assembly reference?) [F:\Sahaj\Projects\gaming\pocket-mc-desktop\PocketMC.Desktop\PocketMC.Desktop_j1v5iltu_wpftmp.csproj]
F:\Sahaj\Projects\gaming\pocket-mc-desktop\PocketMC.Desktop\Features\Instances\Backups\BackupService.cs(35,26): error CS0246: The type or namespace name 'ServerProcessManager' could not be found (are you missing a using directive or an assembly reference?) [F:\Sahaj\Projects\gaming\pocket-mc-desktop\PocketMC.Desktop\PocketMC.Desktop_j1v5iltu_wpftmp.csproj]
F:\Sahaj\Projects\gaming\pocket-mc-desktop\PocketMC.Desktop\Features\Dashboard\DashboardActionsVM.cs(37,26): error CS0246: The type or namespace name 'ServerConfigurationService' could not be found (are you missing a using directive or an assembly reference?) [F:\Sahaj\Projects\gaming\pocket-mc-desktop\PocketMC.Desktop\PocketMC.Desktop_j1v5iltu_wpftmp.csproj]
F:\Sahaj\Projects\gaming\pocket-mc-desktop\PocketMC.Desktop\Features\Dashboard\DashboardActionsVM.cs(46,13): error CS0246: The type or namespace name 'InstanceManager' could not be found (are you missing a using directive or an assembly reference?) [F:\Sahaj\Projects\gaming\pocket-mc-desktop\PocketMC.Desktop\PocketMC.Desktop_j1v5iltu_wpftmp.csproj]
F:\Sahaj\Projects\gaming\pocket-mc-desktop\PocketMC.Desktop\Features\Dashboard\DashboardActionsVM.cs(47,13): error CS0246: The type or namespace name 'InstanceRegistry' could not be found (are you missing a using directive or an assembly reference?) [F:\Sahaj\Projects\gaming\pocket-mc-desktop\PocketMC.Desktop\PocketMC.Desktop_j1v5iltu_wpftmp.csproj]
F:\Sahaj\Projects\gaming\pocket-mc-desktop\PocketMC.Desktop\Features\Dashboard\DashboardActionsVM.cs(49,13): error CS0246: The type or namespace name 'ServerProcessManager' could not be found (are you missing a using directive or an assembly reference?) [F:\Sahaj\Projects\gaming\pocket-mc-desktop\PocketMC.Desktop\PocketMC.Desktop_j1v5iltu_wpftmp.csproj]
F:\Sahaj\Projects\gaming\pocket-mc-desktop\PocketMC.Desktop\Features\Dashboard\DashboardActionsVM.cs(50,13): error CS0246: The type or namespace name 'ServerConfigurationService' could not be found (are you missing a using directive or an assembly reference?) [F:\Sahaj\Projects\gaming\pocket-mc-desktop\PocketMC.Desktop\PocketMC.Desktop_j1v5iltu_wpftmp.csproj]
F:\Sahaj\Projects\gaming\pocket-mc-desktop\PocketMC.Desktop\Features\Dashboard\DashboardInstanceListVM.cs(17,26): error CS0246: The type or namespace name 'InstanceRegistry' could not be found (are you missing a using directive or an assembly reference?) [F:\Sahaj\Projects\gaming\pocket-mc-desktop\PocketMC.Desktop\PocketMC.Desktop_j1v5iltu_wpftmp.csproj]
F:\Sahaj\Projects\gaming\pocket-mc-desktop\PocketMC.Desktop\Features\Dashboard\DashboardInstanceListVM.cs(18,26): error CS0246: The type or namespace name 'ServerProcessManager' could not be found (are you missing a using directive or an assembly reference?) [F:\Sahaj\Projects\gaming\pocket-mc-desktop\PocketMC.Desktop\PocketMC.Desktop_j1v5iltu_wpftmp.csproj]
F:\Sahaj\Projects\gaming\pocket-mc-desktop\PocketMC.Desktop\Features\Java\JavaProvisioningService.cs(26,26): error CS0246: The type or namespace name 'DownloaderService' could not be found (are you missing a using directive or an assembly reference?) [F:\Sahaj\Projects\gaming\pocket-mc-desktop\PocketMC.Desktop\PocketMC.Desktop_j1v5iltu_wpftmp.csproj]
F:\Sahaj\Projects\gaming\pocket-mc-desktop\PocketMC.Desktop\Features\Dashboard\DashboardInstanceListVM.cs(25,13): error CS0246: The type or namespace name 'InstanceRegistry' could not be found (are you missing a using directive or an assembly reference?) [F:\Sahaj\Projects\gaming\pocket-mc-desktop\PocketMC.Desktop\PocketMC.Desktop_j1v5iltu_wpftmp.csproj]
F:\Sahaj\Projects\gaming\pocket-mc-desktop\PocketMC.Desktop\Features\Dashboard\DashboardInstanceListVM.cs(26,13): error CS0246: The type or namespace name 'ServerProcessManager' could not be found (are you missing a using directive or an assembly reference?) [F:\Sahaj\Projects\gaming\pocket-mc-desktop\PocketMC.Desktop\PocketMC.Desktop_j1v5iltu_wpftmp.csproj]
F:\Sahaj\Projects\gaming\pocket-mc-desktop\PocketMC.Desktop\Features\Java\JavaProvisioningService.cs(41,13): error CS0246: The type or namespace name 'DownloaderService' could not be found (are you missing a using directive or an assembly reference?) [F:\Sahaj\Projects\gaming\pocket-mc-desktop\PocketMC.Desktop\PocketMC.Desktop_j1v5iltu_wpftmp.csproj]
F:\Sahaj\Projects\gaming\pocket-mc-desktop\PocketMC.Desktop\Features\Dashboard\DashboardViewModel.cs(27,26): error CS0246: The type or namespace name 'InstanceRegistry' could not be found (are you missing a using directive or an assembly reference?) [F:\Sahaj\Projects\gaming\pocket-mc-desktop\PocketMC.Desktop\PocketMC.Desktop_j1v5iltu_wpftmp.csproj]
F:\Sahaj\Projects\gaming\pocket-mc-desktop\PocketMC.Desktop\Features\Dashboard\DashboardViewModel.cs(54,13): error CS0246: The type or namespace name 'InstanceRegistry' could not be found (are you missing a using directive or an assembly reference?) [F:\Sahaj\Projects\gaming\pocket-mc-desktop\PocketMC.Desktop\PocketMC.Desktop_j1v5iltu_wpftmp.csproj]
F:\Sahaj\Projects\gaming\pocket-mc-desktop\PocketMC.Desktop\Features\Instances\Models\ServerProcess.cs(36,22): error CS0246: The type or namespace name 'ServerLaunchConfigurator' could not be found (are you missing a using directive or an assembly reference?) [F:\Sahaj\Projects\gaming\pocket-mc-desktop\PocketMC.Desktop\PocketMC.Desktop_j1v5iltu_wpftmp.csproj]
F:\Sahaj\Projects\gaming\pocket-mc-desktop\PocketMC.Desktop\Features\Instances\Models\ServerProcess.cs(57,64): error CS0246: The type or namespace name 'ServerLaunchConfigurator' could not be found (are you missing a using directive or an assembly reference?) [F:\Sahaj\Projects\gaming\pocket-mc-desktop\PocketMC.Desktop\PocketMC.Desktop_j1v5iltu_wpftmp.csproj]
F:\Sahaj\Projects\gaming\pocket-mc-desktop\PocketMC.Desktop\Features\Instances\Providers\FabricProvider.cs(65,92): error CS0246: The type or namespace name 'DownloadProgress' could not be found (are you missing a using directive or an assembly reference?) [F:\Sahaj\Projects\gaming\pocket-mc-desktop\PocketMC.Desktop\PocketMC.Desktop_j1v5iltu_wpftmp.csproj]
F:\Sahaj\Projects\gaming\pocket-mc-desktop\PocketMC.Desktop\Features\Instances\Providers\FabricProvider.cs(73,120): error CS0246: The type or namespace name 'DownloadProgress' could not be found (are you missing a using directive or an assembly reference?) [F:\Sahaj\Projects\gaming\pocket-mc-desktop\PocketMC.Desktop\PocketMC.Desktop_j1v5iltu_wpftmp.csproj]
F:\Sahaj\Projects\gaming\pocket-mc-desktop\PocketMC.Desktop\Features\Instances\Providers\FabricProvider.cs(79,145): error CS0246: The type or namespace name 'DownloadProgress' could not be found (are you missing a using directive or an assembly reference?) [F:\Sahaj\Projects\gaming\pocket-mc-desktop\PocketMC.Desktop\PocketMC.Desktop_j1v5iltu_wpftmp.csproj]
F:\Sahaj\Projects\gaming\pocket-mc-desktop\PocketMC.Desktop\Features\Instances\Providers\IServerJarProvider.cs(17,79): error CS0246: The type or namespace name 'DownloadProgress' could not be found (are you missing a using directive or an assembly reference?) [F:\Sahaj\Projects\gaming\pocket-mc-desktop\PocketMC.Desktop\PocketMC.Desktop_j1v5iltu_wpftmp.csproj]
F:\Sahaj\Projects\gaming\pocket-mc-desktop\PocketMC.Desktop\Features\Instances\Providers\FabricProvider.cs(18,22): error CS0246: The type or namespace name 'DownloaderService' could not be found (are you missing a using directive or an assembly reference?) [F:\Sahaj\Projects\gaming\pocket-mc-desktop\PocketMC.Desktop\PocketMC.Desktop_j1v5iltu_wpftmp.csproj]
F:\Sahaj\Projects\gaming\pocket-mc-desktop\PocketMC.Desktop\Features\Instances\Providers\FabricProvider.cs(22,50): error CS0246: The type or namespace name 'DownloaderService' could not be found (are you missing a using directive or an assembly reference?) [F:\Sahaj\Projects\gaming\pocket-mc-desktop\PocketMC.Desktop\PocketMC.Desktop_j1v5iltu_wpftmp.csproj]
F:\Sahaj\Projects\gaming\pocket-mc-desktop\PocketMC.Desktop\Features\Dashboard\ResourceMonitorService.cs(41,26): error CS0246: The type or namespace name 'ServerProcessManager' could not be found (are you missing a using directive or an assembly reference?) [F:\Sahaj\Projects\gaming\pocket-mc-desktop\PocketMC.Desktop\PocketMC.Desktop_j1v5iltu_wpftmp.csproj]
F:\Sahaj\Projects\gaming\pocket-mc-desktop\PocketMC.Desktop\Features\Instances\Providers\ForgeProvider.cs(91,92): error CS0246: The type or namespace name 'DownloadProgress' could not be found (are you missing a using directive or an assembly reference?) [F:\Sahaj\Projects\gaming\pocket-mc-desktop\PocketMC.Desktop\PocketMC.Desktop_j1v5iltu_wpftmp.csproj]
F:\Sahaj\Projects\gaming\pocket-mc-desktop\PocketMC.Desktop\Features\Instances\Providers\ForgeProvider.cs(97,118): error CS0246: The type or namespace name 'DownloadProgress' could not be found (are you missing a using directive or an assembly reference?) [F:\Sahaj\Projects\gaming\pocket-mc-desktop\PocketMC.Desktop\PocketMC.Desktop_j1v5iltu_wpftmp.csproj]
F:\Sahaj\Projects\gaming\pocket-mc-desktop\PocketMC.Desktop\Features\Dashboard\ResourceMonitorService.cs(63,13): error CS0246: The type or namespace name 'ServerProcessManager' could not be found (are you missing a using directive or an assembly reference?) [F:\Sahaj\Projects\gaming\pocket-mc-desktop\PocketMC.Desktop\PocketMC.Desktop_j1v5iltu_wpftmp.csproj]
F:\Sahaj\Projects\gaming\pocket-mc-desktop\PocketMC.Desktop\Features\Instances\Providers\ForgeProvider.cs(18,22): error CS0246: The type or namespace name 'DownloaderService' could not be found (are you missing a using directive or an assembly reference?) [F:\Sahaj\Projects\gaming\pocket-mc-desktop\PocketMC.Desktop\PocketMC.Desktop_j1v5iltu_wpftmp.csproj]
F:\Sahaj\Projects\gaming\pocket-mc-desktop\PocketMC.Desktop\Features\Instances\Providers\ForgeProvider.cs(22,49): error CS0246: The type or namespace name 'DownloaderService' could not be found (are you missing a using directive or an assembly reference?) [F:\Sahaj\Projects\gaming\pocket-mc-desktop\PocketMC.Desktop\PocketMC.Desktop_j1v5iltu_wpftmp.csproj]
F:\Sahaj\Projects\gaming\pocket-mc-desktop\PocketMC.Desktop\Features\Instances\Providers\PaperProvider.cs(58,92): error CS0246: The type or namespace name 'DownloadProgress' could not be found (are you missing a using directive or an assembly reference?) [F:\Sahaj\Projects\gaming\pocket-mc-desktop\PocketMC.Desktop\PocketMC.Desktop_j1v5iltu_wpftmp.csproj]
F:\Sahaj\Projects\gaming\pocket-mc-desktop\PocketMC.Desktop\Features\Instances\Providers\PaperProvider.cs(17,22): error CS0246: The type or namespace name 'DownloaderService' could not be found (are you missing a using directive or an assembly reference?) [F:\Sahaj\Projects\gaming\pocket-mc-desktop\PocketMC.Desktop\PocketMC.Desktop_j1v5iltu_wpftmp.csproj]
F:\Sahaj\Projects\gaming\pocket-mc-desktop\PocketMC.Desktop\Features\Mods\ModpackService.cs(37,26): error CS0246: The type or namespace name 'DownloaderService' could not be found (are you missing a using directive or an assembly reference?) [F:\Sahaj\Projects\gaming\pocket-mc-desktop\PocketMC.Desktop\PocketMC.Desktop_j1v5iltu_wpftmp.csproj]
F:\Sahaj\Projects\gaming\pocket-mc-desktop\PocketMC.Desktop\Features\Instances\Providers\PaperProvider.cs(21,49): error CS0246: The type or namespace name 'DownloaderService' could not be found (are you missing a using directive or an assembly reference?) [F:\Sahaj\Projects\gaming\pocket-mc-desktop\PocketMC.Desktop\PocketMC.Desktop_j1v5iltu_wpftmp.csproj]
F:\Sahaj\Projects\gaming\pocket-mc-desktop\PocketMC.Desktop\Features\Mods\ModpackService.cs(40,26): error CS0246: The type or namespace name 'InstanceManager' could not be found (are you missing a using directive or an assembly reference?) [F:\Sahaj\Projects\gaming\pocket-mc-desktop\PocketMC.Desktop\PocketMC.Desktop_j1v5iltu_wpftmp.csproj]
F:\Sahaj\Projects\gaming\pocket-mc-desktop\PocketMC.Desktop\Features\Instances\Providers\VanillaProvider.cs(64,92): error CS0246: The type or namespace name 'DownloadProgress' could not be found (are you missing a using directive or an assembly reference?) [F:\Sahaj\Projects\gaming\pocket-mc-desktop\PocketMC.Desktop\PocketMC.Desktop_j1v5iltu_wpftmp.csproj]
F:\Sahaj\Projects\gaming\pocket-mc-desktop\PocketMC.Desktop\Features\Mods\ModpackService.cs(46,13): error CS0246: The type or namespace name 'DownloaderService' could not be found (are you missing a using directive or an assembly reference?) [F:\Sahaj\Projects\gaming\pocket-mc-desktop\PocketMC.Desktop\PocketMC.Desktop_j1v5iltu_wpftmp.csproj]
F:\Sahaj\Projects\gaming\pocket-mc-desktop\PocketMC.Desktop\Features\Mods\ModpackService.cs(49,13): error CS0246: The type or namespace name 'InstanceManager' could not be found (are you missing a using directive or an assembly reference?) [F:\Sahaj\Projects\gaming\pocket-mc-desktop\PocketMC.Desktop\PocketMC.Desktop_j1v5iltu_wpftmp.csproj]
F:\Sahaj\Projects\gaming\pocket-mc-desktop\PocketMC.Desktop\Features\Dashboard\InstanceCardViewModel.cs(16,22): error CS0246: The type or namespace name 'ServerProcessManager' could not be found (are you missing a using directive or an assembly reference?) [F:\Sahaj\Projects\gaming\pocket-mc-desktop\PocketMC.Desktop\PocketMC.Desktop_j1v5iltu_wpftmp.csproj]
F:\Sahaj\Projects\gaming\pocket-mc-desktop\PocketMC.Desktop\Features\Dashboard\InstanceCardViewModel.cs(26,61): error CS0246: The type or namespace name 'ServerProcessManager' could not be found (are you missing a using directive or an assembly reference?) [F:\Sahaj\Projects\gaming\pocket-mc-desktop\PocketMC.Desktop\PocketMC.Desktop_j1v5iltu_wpftmp.csproj]
F:\Sahaj\Projects\gaming\pocket-mc-desktop\PocketMC.Desktop\Features\Tunnel\InstanceTunnelOrchestrator.cs(28,26): error CS0246: The type or namespace name 'ServerConfigurationService' could not be found (are you missing a using directive or an assembly reference?) [F:\Sahaj\Projects\gaming\pocket-mc-desktop\PocketMC.Desktop\PocketMC.Desktop_j1v5iltu_wpftmp.csproj]
F:\Sahaj\Projects\gaming\pocket-mc-desktop\PocketMC.Desktop\Features\Tunnel\InstanceTunnelOrchestrator.cs(29,26): error CS0246: The type or namespace name 'InstanceManager' could not be found (are you missing a using directive or an assembly reference?) [F:\Sahaj\Projects\gaming\pocket-mc-desktop\PocketMC.Desktop\PocketMC.Desktop_j1v5iltu_wpftmp.csproj]
F:\Sahaj\Projects\gaming\pocket-mc-desktop\PocketMC.Desktop\Features\Tunnel\InstanceTunnelOrchestrator.cs(30,26): error CS0246: The type or namespace name 'InstanceRegistry' could not be found (are you missing a using directive or an assembly reference?) [F:\Sahaj\Projects\gaming\pocket-mc-desktop\PocketMC.Desktop\PocketMC.Desktop_j1v5iltu_wpftmp.csproj]
F:\Sahaj\Projects\gaming\pocket-mc-desktop\PocketMC.Desktop\Features\Tunnel\InstanceTunnelOrchestrator.cs(44,13): error CS0246: The type or namespace name 'ServerConfigurationService' could not be found (are you missing a using directive or an assembly reference?) [F:\Sahaj\Projects\gaming\pocket-mc-desktop\PocketMC.Desktop\PocketMC.Desktop_j1v5iltu_wpftmp.csproj]
F:\Sahaj\Projects\gaming\pocket-mc-desktop\PocketMC.Desktop\Features\Tunnel\InstanceTunnelOrchestrator.cs(45,13): error CS0246: The type or namespace name 'InstanceManager' could not be found (are you missing a using directive or an assembly reference?) [F:\Sahaj\Projects\gaming\pocket-mc-desktop\PocketMC.Desktop\PocketMC.Desktop_j1v5iltu_wpftmp.csproj]
F:\Sahaj\Projects\gaming\pocket-mc-desktop\PocketMC.Desktop\Features\Tunnel\InstanceTunnelOrchestrator.cs(46,13): error CS0246: The type or namespace name 'InstanceRegistry' could not be found (are you missing a using directive or an assembly reference?) [F:\Sahaj\Projects\gaming\pocket-mc-desktop\PocketMC.Desktop\PocketMC.Desktop_j1v5iltu_wpftmp.csproj]
F:\Sahaj\Projects\gaming\pocket-mc-desktop\PocketMC.Desktop\Features\Tunnel\PlayitAgentService.cs(69,35): error CS0246: The type or namespace name 'DownloadProgress' could not be found (are you missing a using directive or an assembly reference?) [F:\Sahaj\Projects\gaming\pocket-mc-desktop\PocketMC.Desktop\PocketMC.Desktop_j1v5iltu_wpftmp.csproj]
F:\Sahaj\Projects\gaming\pocket-mc-desktop\PocketMC.Desktop\Features\Instances\Providers\VanillaProvider.cs(30,22): error CS0246: The type or namespace name 'DownloaderService' could not be found (are you missing a using directive or an assembly reference?) [F:\Sahaj\Projects\gaming\pocket-mc-desktop\PocketMC.Desktop\PocketMC.Desktop_j1v5iltu_wpftmp.csproj]
F:\Sahaj\Projects\gaming\pocket-mc-desktop\PocketMC.Desktop\Features\Tunnel\PlayitAgentService.cs(46,26): error CS0246: The type or namespace name 'DownloaderService' could not be found (are you missing a using directive or an assembly reference?) [F:\Sahaj\Projects\gaming\pocket-mc-desktop\PocketMC.Desktop\PocketMC.Desktop_j1v5iltu_wpftmp.csproj]
F:\Sahaj\Projects\gaming\pocket-mc-desktop\PocketMC.Desktop\Features\Instances\Providers\VanillaProvider.cs(38,9): error CS0246: The type or namespace name 'DownloaderService' could not be found (are you missing a using directive or an assembly reference?) [F:\Sahaj\Projects\gaming\pocket-mc-desktop\PocketMC.Desktop\PocketMC.Desktop_j1v5iltu_wpftmp.csproj]
F:\Sahaj\Projects\gaming\pocket-mc-desktop\PocketMC.Desktop\Features\Tunnel\PlayitAgentService.cs(78,13): error CS0246: The type or namespace name 'DownloaderService' could not be found (are you missing a using directive or an assembly reference?) [F:\Sahaj\Projects\gaming\pocket-mc-desktop\PocketMC.Desktop\PocketMC.Desktop_j1v5iltu_wpftmp.csproj]
F:\Sahaj\Projects\gaming\pocket-mc-desktop\PocketMC.Desktop\Features\Instances\Services\ServerLifecycleService.cs(85,12): error CS0246: The type or namespace name 'ServerProcess' could not be found (are you missing a using directive or an assembly reference?) [F:\Sahaj\Projects\gaming\pocket-mc-desktop\PocketMC.Desktop\PocketMC.Desktop_j1v5iltu_wpftmp.csproj]
F:\Sahaj\Projects\gaming\pocket-mc-desktop\PocketMC.Desktop\Features\Settings\ServerSettingsViewModel.cs(24,26): error CS0246: The type or namespace name 'InstanceManager' could not be found (are you missing a using directive or an assembly reference?) [F:\Sahaj\Projects\gaming\pocket-mc-desktop\PocketMC.Desktop\PocketMC.Desktop_j1v5iltu_wpftmp.csproj]
F:\Sahaj\Projects\gaming\pocket-mc-desktop\PocketMC.Desktop\Features\Settings\ServerSettingsViewModel.cs(25,26): error CS0246: The type or namespace name 'InstanceRegistry' could not be found (are you missing a using directive or an assembly reference?) [F:\Sahaj\Projects\gaming\pocket-mc-desktop\PocketMC.Desktop\PocketMC.Desktop_j1v5iltu_wpftmp.csproj]
F:\Sahaj\Projects\gaming\pocket-mc-desktop\PocketMC.Desktop\Features\Instances\Services\ServerProcessManager.cs(51,39): error CS0246: The type or namespace name 'ServerProcess' could not be found (are you missing a using directive or an assembly reference?) [F:\Sahaj\Projects\gaming\pocket-mc-desktop\PocketMC.Desktop\PocketMC.Desktop_j1v5iltu_wpftmp.csproj]
F:\Sahaj\Projects\gaming\pocket-mc-desktop\PocketMC.Desktop\Features\Shell\ShellStartupCoordinator.cs(23,26): error CS0246: The type or namespace name 'ServerProcessManager' could not be found (are you missing a using directive or an assembly reference?) [F:\Sahaj\Projects\gaming\pocket-mc-desktop\PocketMC.Desktop\PocketMC.Desktop_j1v5iltu_wpftmp.csproj]
F:\Sahaj\Projects\gaming\pocket-mc-desktop\PocketMC.Desktop\Features\Instances\Services\ServerProcessManager.cs(53,23): error CS0246: The type or namespace name 'ServerProcess' could not be found (are you missing a using directive or an assembly reference?) [F:\Sahaj\Projects\gaming\pocket-mc-desktop\PocketMC.Desktop\PocketMC.Desktop_j1v5iltu_wpftmp.csproj]
F:\Sahaj\Projects\gaming\pocket-mc-desktop\PocketMC.Desktop\Features\Settings\ServerSettingsViewModel.cs(26,26): error CS0246: The type or namespace name 'ServerConfigurationService' could not be found (are you missing a using directive or an assembly reference?) [F:\Sahaj\Projects\gaming\pocket-mc-desktop\PocketMC.Desktop\PocketMC.Desktop_j1v5iltu_wpftmp.csproj]
F:\Sahaj\Projects\gaming\pocket-mc-desktop\PocketMC.Desktop\Features\Instances\Services\ServerProcessManager.cs(111,12): error CS0246: The type or namespace name 'ServerProcess' could not be found (are you missing a using directive or an assembly reference?) [F:\Sahaj\Projects\gaming\pocket-mc-desktop\PocketMC.Desktop\PocketMC.Desktop_j1v5iltu_wpftmp.csproj]
F:\Sahaj\Projects\gaming\pocket-mc-desktop\PocketMC.Desktop\Features\Shell\ShellStartupCoordinator.cs(37,13): error CS0246: The type or namespace name 'ServerProcessManager' could not be found (are you missing a using directive or an assembly reference?) [F:\Sahaj\Projects\gaming\pocket-mc-desktop\PocketMC.Desktop\PocketMC.Desktop_j1v5iltu_wpftmp.csproj]
F:\Sahaj\Projects\gaming\pocket-mc-desktop\PocketMC.Desktop\Features\Instances\Services\ServerProcessManager.cs(29,49): error CS0246: The type or namespace name 'ServerProcess' could not be found (are you missing a using directive or an assembly reference?) [F:\Sahaj\Projects\gaming\pocket-mc-desktop\PocketMC.Desktop\PocketMC.Desktop_j1v5iltu_wpftmp.csproj]
F:\Sahaj\Projects\gaming\pocket-mc-desktop\PocketMC.Desktop\Features\Instances\Services\ServerProcessManager.cs(30,49): error CS0246: The type or namespace name 'ServerProcess' could not be found (are you missing a using directive or an assembly reference?) [F:\Sahaj\Projects\gaming\pocket-mc-desktop\PocketMC.Desktop\PocketMC.Desktop_j1v5iltu_wpftmp.csproj]
F:\Sahaj\Projects\gaming\pocket-mc-desktop\PocketMC.Desktop\Features\Settings\ServerSettingsViewModel.cs(68,13): error CS0246: The type or namespace name 'InstanceManager' could not be found (are you missing a using directive or an assembly reference?) [F:\Sahaj\Projects\gaming\pocket-mc-desktop\PocketMC.Desktop\PocketMC.Desktop_j1v5iltu_wpftmp.csproj]
F:\Sahaj\Projects\gaming\pocket-mc-desktop\PocketMC.Desktop\Features\Settings\ServerSettingsViewModel.cs(69,13): error CS0246: The type or namespace name 'InstanceRegistry' could not be found (are you missing a using directive or an assembly reference?) [F:\Sahaj\Projects\gaming\pocket-mc-desktop\PocketMC.Desktop\PocketMC.Desktop_j1v5iltu_wpftmp.csproj]
F:\Sahaj\Projects\gaming\pocket-mc-desktop\PocketMC.Desktop\Features\Settings\ServerSettingsViewModel.cs(70,13): error CS0246: The type or namespace name 'ServerConfigurationService' could not be found (are you missing a using directive or an assembly reference?) [F:\Sahaj\Projects\gaming\pocket-mc-desktop\PocketMC.Desktop\PocketMC.Desktop_j1v5iltu_wpftmp.csproj]
F:\Sahaj\Projects\gaming\pocket-mc-desktop\PocketMC.Desktop\Features\Settings\ServerSettingsViewModel.cs(72,13): error CS0246: The type or namespace name 'WorldManager' could not be found (are you missing a using directive or an assembly reference?) [F:\Sahaj\Projects\gaming\pocket-mc-desktop\PocketMC.Desktop\PocketMC.Desktop_j1v5iltu_wpftmp.csproj]
F:\Sahaj\Projects\gaming\pocket-mc-desktop\PocketMC.Desktop\Features\Settings\SettingsAdvancedVM.cs(13,26): error CS0246: The type or namespace name 'ServerConfigurationService' could not be found (are you missing a using directive or an assembly reference?) [F:\Sahaj\Projects\gaming\pocket-mc-desktop\PocketMC.Desktop\PocketMC.Desktop_j1v5iltu_wpftmp.csproj]
F:\Sahaj\Projects\gaming\pocket-mc-desktop\PocketMC.Desktop\Features\Settings\SettingsAdvancedVM.cs(49,53): error CS0246: The type or namespace name 'ServerConfigurationService' could not be found (are you missing a using directive or an assembly reference?) [F:\Sahaj\Projects\gaming\pocket-mc-desktop\PocketMC.Desktop\PocketMC.Desktop_j1v5iltu_wpftmp.csproj]
F:\Sahaj\Projects\gaming\pocket-mc-desktop\PocketMC.Desktop\Features\Tunnel\TunnelPage.xaml.cs(92,70): error CS0246: The type or namespace name 'DownloadProgress' could not be found (are you missing a using directive or an assembly reference?) [F:\Sahaj\Projects\gaming\pocket-mc-desktop\PocketMC.Desktop\PocketMC.Desktop_j1v5iltu_wpftmp.csproj]
F:\Sahaj\Projects\gaming\pocket-mc-desktop\PocketMC.Desktop\Features\Settings\SettingsWorldVM.cs(18,26): error CS0246: The type or namespace name 'WorldManager' could not be found (are you missing a using directive or an assembly reference?) [F:\Sahaj\Projects\gaming\pocket-mc-desktop\PocketMC.Desktop\PocketMC.Desktop_j1v5iltu_wpftmp.csproj]
F:\Sahaj\Projects\gaming\pocket-mc-desktop\PocketMC.Desktop\Features\Settings\SettingsWorldVM.cs(81,13): error CS0246: The type or namespace name 'WorldManager' could not be found (are you missing a using directive or an assembly reference?) [F:\Sahaj\Projects\gaming\pocket-mc-desktop\PocketMC.Desktop\PocketMC.Desktop_j1v5iltu_wpftmp.csproj]

Build FAILED.
    25 Warning(s)
    82 Error(s)

Time Elapsed 00:00:09.25
